INFO: Starting the analysis...
INFO: Starting SonarScanner Engine...
INFO: Java 23.0.2 Oracle Corporation (64-bit)
INFO: Load global settings
INFO: Load global settings (done) | time=66ms
INFO: Server id: 147B411E-AaDs0FqMYsoySKrT1xhM
INFO: Loading required plugins
INFO: Load plugins index
INFO: Load plugins index (done) | time=15ms
INFO: Load/download plugins
INFO: Load/download plugins (done) | time=25ms
INFO: Process project properties
INFO: Process project properties (done) | time=14ms
INFO: Project key: tetris-stage1-speckit
INFO: Base dir: D:\KEVIN\UNIVERSIDAD\Trabajos\Moviles\Caso 2-Tetris\Etapa 1\Spec Kit
INFO: Working dir: D:\KEVIN\UNIVERSIDAD\Trabajos\Moviles\Caso 2-Tetris\Etapa 1\Spec Kit\.sonar
INFO: Load project settings for component key: 'tetris-stage1-speckit'
INFO: Load quality profiles
INFO: Load quality profiles (done) | time=44ms
INFO: Load active rules
INFO: Load active rules (done) | time=225ms
INFO: Load analysis cache
INFO: Load analysis cache (404) | time=7ms
INFO: Preprocessing files...
INFO: 3 languages detected in 38 preprocessed files (done) | time=90ms
INFO: Loading plugins for detected languages
INFO: Load/download plugins
INFO: Load/download plugins (done) | time=10ms
INFO: Load project repositories
INFO: Load project repositories (done) | time=7ms
INFO: Indexing files...
INFO: Project configuration:
INFO: 38 files indexed (done) | time=31ms
INFO: Quality profile for css: Sonar way
INFO: Quality profile for py: Sonar way
INFO: Quality profile for ts: Sonar way
INFO: ------------- Run sensors on module Tetris Stage 1 Spec Kit
INFO: Load metrics repository
INFO: Load metrics repository (done) | time=26ms
INFO: Sensor IaC YAML File Type Classification Sensor [iac]
INFO: Sensor IaC YAML File Type Classification Sensor [iac] (done) | time=6ms
INFO: Sensor IaC hadolint report Sensor [iac]
INFO: Sensor IaC hadolint report Sensor [iac] (done) | time=1ms
INFO: Sensor Java Config Sensor [iac]
INFO: There are no files to be analyzed for the Java language
INFO: Sensor Java Config Sensor [iac] (done) | time=1ms
INFO: Sensor IaC Docker Sensor [iac]
INFO: There are no files to be analyzed for the Docker language
INFO: Sensor IaC Docker Sensor [iac] (done) | time=2ms
INFO: Sensor Python Sensor [python]
WARNING: Your code is analyzed as compatible with all Python 3 versions by default. You can get a more precise analysis by setting the Python version or version range in your configuration via the parameter "sonar.python.version"
INFO: Starting global symbols computation
INFO: 14 source files to be analyzed
INFO: 14/14 source files have been analyzed
INFO: Finished step global symbols computation in 412ms
INFO: Starting rules execution
INFO: 14 source files to be analyzed
INFO: 14/14 source files have been analyzed
INFO: Finished step rules execution in 1020ms
INFO: The Python analyzer was able to leverage cached data from previous analyses for 0 out of 14 files. These files were not parsed.
INFO: Sensor Python Sensor [python] (done) | time=2777ms
INFO: Sensor Cobertura Sensor for Python coverage [python]
INFO: Python test coverage
INFO: Parsing report 'D:\KEVIN\UNIVERSIDAD\Trabajos\Moviles\Caso 2-Tetris\Etapa 1\Spec Kit\docs\coverage.xml'
INFO: Sensor Cobertura Sensor for Python coverage [python] (done) | time=222ms
INFO: Sensor PythonXUnitSensor [python]
INFO: Sensor PythonXUnitSensor [python] (done) | time=108ms
INFO: Sensor Python Dependency Sensor [python]
INFO: Sensor Python Dependency Sensor [python] (done) | time=3ms
INFO: Sensor TextAndSecretsSensor [text]
INFO: Available processors: 16
INFO: Using 16 threads for analysis.
INFO: Start fetching files for the text and secrets analysis
INFO: Using Git CLI to retrieve dirty files
WARNING: Retrieving only language associated files, make sure to run the analysis inside a git repository to make use of inclusions specified via "sonar.text.inclusions"
INFO: Starting the text and secrets analysis
INFO: 24 source files to be analyzed for the text and secrets analysis
INFO: 24/24 source files have been analyzed for the text and secrets analysis
INFO: Sensor TextAndSecretsSensor [text] (done) | time=563ms
INFO: ------------- Run sensors on project
INFO: Sensor JavaScript/TypeScript/CSS analysis [javascript]
INFO: Detected os: Windows 11 arch: amd64 alpine: false. Platform: WIN_X64
INFO: Deploy location D:\KEVIN\UNIVERSIDAD\Trabajos\Moviles\Caso 2-Tetris\Etapa 1\Spec Kit\.sonar-user-home\js\node-runtime, tagetRuntime: D:\KEVIN\UNIVERSIDAD\Trabajos\Moviles\Caso 2-Tetris\Etapa 1\Spec Kit\.sonar-user-home\js\node-runtime\node.exe,  version: D:\KEVIN\UNIVERSIDAD\Trabajos\Moviles\Caso 2-Tetris\Etapa 1\Spec Kit\.sonar-user-home\js\node-runtime\version.txt
INFO: Using embedded Node.js runtime.
INFO: Using Node.js executable: 'D:\KEVIN\UNIVERSIDAD\Trabajos\Moviles\Caso 2-Tetris\Etapa 1\Spec Kit\.sonar-user-home\js\node-runtime\node.exe'.
INFO: Memory configuration: OS (24501 MB), Node.js (4288 MB).
INFO: gRPC analyze-project server listening on 127.0.0.1:50191
INFO: Plugin version: [13.8.0.44569]
INFO: Found 1 tsconfig.json file(s): [D:/KEVIN/UNIVERSIDAD/Trabajos/Moviles/Caso 2-Tetris/Etapa 1/Spec Kit/frontend/tsconfig.json]
INFO: 10 source files to be analyzed
INFO: Creating TypeScript(6.0.3) program with configuration file D:/KEVIN/UNIVERSIDAD/Trabajos/Moviles/Caso 2-Tetris/Etapa 1/Spec Kit/frontend/tsconfig.json [lib: lib.dom.d.ts, lib.dom.iterable.d.ts, lib.es2020.d.ts]
INFO: Analyzing 9 file(s) from tsconfig D:/KEVIN/UNIVERSIDAD/Trabajos/Moviles/Caso 2-Tetris/Etapa 1/Spec Kit/frontend/tsconfig.json (267 total files in program)
INFO: 10/10 source files have been analyzed
INFO: Hit the cache for 0 out of 9
INFO: Miss the cache for 9 out of 9: ANALYSIS_MODE_INELIGIBLE [9/9]
INFO: Sensor JavaScript/TypeScript/CSS analysis [javascript] (done) | time=13983ms
INFO: Sensor IaC Project Sensor [iac]
INFO: Sensor IaC Project Sensor [iac] (done) | time=1ms
INFO: Sensor Zero Coverage Sensor
INFO: Sensor Zero Coverage Sensor (done) | time=4ms
INFO: ------------- Gather SCA dependencies on project
INFO: Dependency analysis skipped
INFO: SCM Publisher is disabled
INFO: CPD Executor 6 files had no CPD blocks
INFO: CPD Executor Calculating CPD for 10 files
INFO: CPD Executor CPD calculation finished (done) | time=8ms
INFO: Analysis report generated in 144ms, dir size=402.6 kB
INFO: Analysis report compressed in 647ms, zip size=107.3 kB
INFO: Analysis report uploaded in 284ms
INFO: ANALYSIS SUCCESSFUL, you can find the results at: http://127.0.0.1:9000/dashboard?id=tetris-stage1-speckit
INFO: Note that you will be able to access the updated dashboard once the server has processed the submitted analysis report
INFO: More about the report processing at http://127.0.0.1:9000/api/ce/task?id=a1e08e06-981b-40cd-acdc-3e9396b6718f
INFO: Analysis total time: 21.314 s
INFO: SonarScanner Engine completed successfully
