INFO: Starting the analysis...
INFO: Starting SonarScanner Engine...
INFO: Java 21.0.11 Eclipse Adoptium (64-bit)
INFO: Load global settings
INFO: Load global settings (done) | time=92ms
INFO: Server id: 147B411E-AaDs0FqMYsoySKrT1xhM
INFO: Loading required plugins
INFO: Load plugins index
INFO: Load plugins index (done) | time=15ms
INFO: Load/download plugins
INFO: Load/download plugins (done) | time=23ms
INFO: Process project properties
INFO: Process project properties (done) | time=14ms
INFO: Project key: tetris-stage1-openspec
INFO: Base dir: D:\KEVIN\UNIVERSIDAD\Trabajos\Moviles\Caso 2-Tetris\Etapa 1\OpenSpec
INFO: Working dir: D:\KEVIN\UNIVERSIDAD\Trabajos\Moviles\Caso 2-Tetris\Etapa 1\OpenSpec\.sonar
INFO: Load project settings for component key: 'tetris-stage1-openspec'
INFO: Load quality profiles
INFO: Load quality profiles (done) | time=123ms
INFO: Load active rules
INFO: Load active rules (done) | time=251ms
INFO: Load analysis cache
INFO: Load analysis cache (404) | time=7ms
INFO: Preprocessing files...
INFO: 3 languages detected in 14 preprocessed files (done) | time=40ms
INFO: Loading plugins for detected languages
INFO: Load/download plugins
INFO: Load/download plugins (done) | time=10ms
INFO: Load project repositories
INFO: Load project repositories (done) | time=6ms
INFO: Indexing files...
INFO: Project configuration:
INFO: 14 files indexed (done) | time=22ms
INFO: Quality profile for css: Sonar way
INFO: Quality profile for py: Sonar way
INFO: Quality profile for ts: Sonar way
INFO: ------------- Run sensors on module Tetris Stage 1 OpenSpec
INFO: Load metrics repository
INFO: Load metrics repository (done) | time=25ms
INFO: Sensor IaC YAML File Type Classification Sensor [iac]
INFO: Sensor IaC YAML File Type Classification Sensor [iac] (done) | time=4ms
INFO: Sensor IaC hadolint report Sensor [iac]
INFO: Sensor IaC hadolint report Sensor [iac] (done) | time=1ms
INFO: Sensor Java Config Sensor [iac]
INFO: There are no files to be analyzed for the Java language
INFO: Sensor Java Config Sensor [iac] (done) | time=0ms
INFO: Sensor IaC Docker Sensor [iac]
INFO: There are no files to be analyzed for the Docker language
INFO: Sensor IaC Docker Sensor [iac] (done) | time=2ms
INFO: Sensor Python Sensor [python]
WARNING: Your code is analyzed as compatible with all Python 3 versions by default. You can get a more precise analysis by setting the Python version or version range in your configuration via the parameter "sonar.python.version"
INFO: Starting global symbols computation
INFO: 4 source files to be analyzed
INFO: 4/4 source files have been analyzed
INFO: Finished step global symbols computation in 486ms
INFO: Starting rules execution
INFO: 4 source files to be analyzed
INFO: 4/4 source files have been analyzed
INFO: Finished step rules execution in 1258ms
INFO: The Python analyzer was able to leverage cached data from previous analyses for 0 out of 4 files. These files were not parsed.
INFO: Sensor Python Sensor [python] (done) | time=2543ms
INFO: Sensor Cobertura Sensor for Python coverage [python]
INFO: Python test coverage
INFO: Parsing report 'D:\KEVIN\UNIVERSIDAD\Trabajos\Moviles\Caso 2-Tetris\Etapa 1\OpenSpec\docs\coverage.xml'
INFO: Sensor Cobertura Sensor for Python coverage [python] (done) | time=301ms
INFO: Sensor PythonXUnitSensor [python]
INFO: Sensor PythonXUnitSensor [python] (done) | time=91ms
INFO: Sensor Python Dependency Sensor [python]
INFO: Sensor Python Dependency Sensor [python] (done) | time=4ms
INFO: Sensor TextAndSecretsSensor [text]
INFO: Available processors: 16
INFO: Using 16 threads for analysis.
INFO: Start fetching files for the text and secrets analysis
INFO: Using Git CLI to retrieve dirty files
WARNING: Retrieving only language associated files, make sure to run the analysis inside a git repository to make use of inclusions specified via "sonar.text.inclusions"
INFO: Starting the text and secrets analysis
INFO: 11 source files to be analyzed for the text and secrets analysis
INFO: 11/11 source files have been analyzed for the text and secrets analysis
INFO: Sensor TextAndSecretsSensor [text] (done) | time=730ms
INFO: ------------- Run sensors on project
INFO: Sensor JavaScript/TypeScript/CSS analysis [javascript]
INFO: Detected os: Windows 11 arch: amd64 alpine: false. Platform: WIN_X64
INFO: Deploy location C:\Users\Kevin Alvarez\.sonar\js\node-runtime, tagetRuntime: C:\Users\Kevin Alvarez\.sonar\js\node-runtime\node.exe,  version: C:\Users\Kevin Alvarez\.sonar\js\node-runtime\version.txt
INFO: Using embedded Node.js runtime.
INFO: Using Node.js executable: 'C:\Users\Kevin Alvarez\.sonar\js\node-runtime\node.exe'.
INFO: Memory configuration: OS (24501 MB), Node.js (4288 MB).
INFO: gRPC analyze-project server listening on 127.0.0.1:61047
INFO: Plugin version: [13.8.0.44569]
INFO: Found 1 tsconfig.json file(s): [D:/KEVIN/UNIVERSIDAD/Trabajos/Moviles/Caso 2-Tetris/Etapa 1/OpenSpec/frontend/tsconfig.json]
INFO: 7 source files to be analyzed
INFO: Creating TypeScript(6.0.3) program with configuration file D:/KEVIN/UNIVERSIDAD/Trabajos/Moviles/Caso 2-Tetris/Etapa 1/OpenSpec/frontend/tsconfig.json [lib: lib.es2024.d.ts, lib.dom.d.ts]
INFO: Discovered referenced tsconfig: D:/KEVIN/UNIVERSIDAD/Trabajos/Moviles/Caso 2-Tetris/Etapa 1/OpenSpec/frontend/tsconfig.app.json
INFO: Discovered referenced tsconfig: D:/KEVIN/UNIVERSIDAD/Trabajos/Moviles/Caso 2-Tetris/Etapa 1/OpenSpec/frontend/tsconfig.node.json
INFO: No files to analyze from tsconfig D:/KEVIN/UNIVERSIDAD/Trabajos/Moviles/Caso 2-Tetris/Etapa 1/OpenSpec/frontend/tsconfig.json
INFO: Creating TypeScript(6.0.3) program with configuration file D:/KEVIN/UNIVERSIDAD/Trabajos/Moviles/Caso 2-Tetris/Etapa 1/OpenSpec/frontend/tsconfig.app.json [lib: lib.es2023.d.ts, lib.dom.d.ts]
INFO: Analyzing 5 file(s) from tsconfig D:/KEVIN/UNIVERSIDAD/Trabajos/Moviles/Caso 2-Tetris/Etapa 1/OpenSpec/frontend/tsconfig.app.json (78 total files in program)
INFO: Creating TypeScript(6.0.3) program with configuration file D:/KEVIN/UNIVERSIDAD/Trabajos/Moviles/Caso 2-Tetris/Etapa 1/OpenSpec/frontend/tsconfig.node.json [lib: lib.es2023.d.ts]
INFO: No files to analyze from tsconfig D:/KEVIN/UNIVERSIDAD/Trabajos/Moviles/Caso 2-Tetris/Etapa 1/OpenSpec/frontend/tsconfig.node.json
INFO: 7/7 source files have been analyzed
INFO: Hit the cache for 0 out of 5
INFO: Miss the cache for 5 out of 5: ANALYSIS_MODE_INELIGIBLE [5/5]
INFO: Sensor JavaScript/TypeScript/CSS analysis [javascript] (done) | time=11019ms
INFO: Sensor IaC Project Sensor [iac]
INFO: Sensor IaC Project Sensor [iac] (done) | time=1ms
INFO: Sensor Zero Coverage Sensor
INFO: Sensor Zero Coverage Sensor (done) | time=3ms
INFO: ------------- Gather SCA dependencies on project
INFO: Dependency analysis skipped
INFO: SCM Publisher is disabled
INFO: CPD Executor 3 files had no CPD blocks
INFO: CPD Executor Calculating CPD for 7 files
INFO: CPD Executor CPD calculation finished (done) | time=15ms
INFO: Analysis report generated in 160ms, dir size=397.1 kB
INFO: Analysis report compressed in 369ms, zip size=92.1 kB
INFO: Analysis report uploaded in 301ms
INFO: ANALYSIS SUCCESSFUL, you can find the results at: http://127.0.0.1:9000/dashboard?id=tetris-stage1-openspec
INFO: Note that you will be able to access the updated dashboard once the server has processed the submitted analysis report
INFO: More about the report processing at http://127.0.0.1:9000/api/ce/task?id=c1404a59-6744-4b5a-a106-b6ac937aae74
INFO: Analysis total time: 18.441 s
INFO: SonarScanner Engine completed successfully
